// Jest Snapshot v1, https://goo.gl/fbAQLP

exports[`WalletBalance test render Nft Card Detail 1`] = `false`;
