// Jest Snapshot v1, https://goo.gl/fbAQLP

exports[`WalletIncome test render WalletIncome Detail 1`] = `false`;
