// Jest Snapshot v1, https://goo.gl/fbAQLP

exports[`WalletWithdraw test render WalletWithDraw 1`] = `false`;
